2026-05-30 09:10:29 | INFO | EDA | === RUN START ===
2026-05-30 09:10:29 | INFO | EDA | project=EDA
2026-05-30 09:10:29 | INFO | EDA | repo_dir=datafun-04-notebooks
2026-05-30 09:10:29 | INFO | EDA | python=3.14.5
2026-05-30 09:10:29 | INFO | EDA | os=Windows 11
2026-05-30 09:10:29 | INFO | EDA | shell=powershell
2026-05-30 09:10:29 | INFO | EDA | cwd=.
2026-05-30 09:10:29 | INFO | EDA | github_actions=False
2026-05-30 09:10:29 | INFO | EDA | ========================
2026-05-30 09:10:29 | INFO | EDA | START main()
2026-05-30 09:10:29 | INFO | EDA | ========================
2026-05-30 09:10:29 | INFO | EDA | --- Section 2: Load dataset: penguins ---
2026-05-30 09:10:29 | INFO | EDA | Loading dataset: penguins
2026-05-30 09:10:29 | INFO | EDA | Loaded: 344 rows, 7 columns
2026-05-30 09:10:29 | INFO | EDA | --- Section 3: Inspect shape and basic structure ---
2026-05-30 09:10:29 | INFO | EDA | Previewing first few rows of the dataset
2026-05-30 09:10:29 | DEBUG | EDA | 
  species     island  bill_length_mm  bill_depth_mm  flipper_length_mm  body_mass_g     sex
0  Adelie  Torgersen            39.1           18.7              181.0       3750.0    Male
1  Adelie  Torgersen            39.5           17.4              186.0       3800.0  Female
2  Adelie  Torgersen            40.3           18.0              195.0       3250.0  Female
3  Adelie  Torgersen             NaN            NaN                NaN          NaN     NaN
4  Adelie  Torgersen            36.7           19.3              193.0       3450.0  Female
2026-05-30 09:10:29 | INFO | EDA | Column names
2026-05-30 09:10:29 | DEBUG | EDA | ['species', 'island', 'bill_length_mm', 'bill_depth_mm', 'flipper_length_mm', 'body_mass_g', 'sex']
2026-05-30 09:10:29 | INFO | EDA | DataFrame info (types and non-null counts)
2026-05-30 09:10:29 | INFO | EDA | Dataset shape: 344 rows, 7 columns
2026-05-30 09:10:29 | INFO | EDA | --- Section 4: Create Data Dictionary and Check Data Quality ---
2026-05-30 09:10:29 | INFO | EDA | Building starter data dictionary
2026-05-30 09:10:29 | DEBUG | EDA | 
              column    dtype  missing_count  missing_pct
0            species      str              0         0.00
1             island      str              0         0.00
2     bill_length_mm  float64              2         0.58
3      bill_depth_mm  float64              2         0.58
4  flipper_length_mm  float64              2         0.58
5        body_mass_g  float64              2         0.58
6                sex      str             11         3.20
2026-05-30 09:10:29 | INFO | EDA | Missing values per column:
2026-05-30 09:10:29 | INFO | EDA | 
species               0
island                0
bill_length_mm        2
bill_depth_mm         2
flipper_length_mm     2
body_mass_g           2
sex                  11
dtype: int64
2026-05-30 09:10:29 | INFO | EDA | Checking missing values per column
2026-05-30 09:10:29 | DEBUG | EDA | 
sex                  11
bill_depth_mm         2
bill_length_mm        2
flipper_length_mm     2
body_mass_g           2
island                0
species               0
dtype: int64
2026-05-30 09:10:29 | INFO | EDA | Duplicate rows detected: 0
2026-05-30 09:10:29 | INFO | EDA | Call describe() for numeric columns
2026-05-30 09:10:29 | DEBUG | EDA | 
       bill_length_mm  bill_depth_mm  flipper_length_mm  body_mass_g
count      342.000000     342.000000         342.000000   342.000000
mean        43.921930      17.151170         200.915205  4201.754386
std          5.459584       1.974793          14.061714   801.954536
min         32.100000      13.100000         172.000000  2700.000000
25%         39.225000      15.600000         190.000000  3550.000000
50%         44.450000      17.300000         197.000000  4050.000000
75%         48.500000      18.700000         213.000000  4750.000000
max         59.600000      21.500000         231.000000  6300.000000

2026-05-30 09:10:29 | INFO | EDA | --- Section 5: Create a cleaned view for EDA ---
2026-05-30 09:10:29 | INFO | EDA | Creating cleaned view for EDA (dropping rows with key missing values)
2026-05-30 09:10:29 | DEBUG | EDA | Columns required to be non-missing: ['bill_length_mm', 'bill_depth_mm', 'flipper_length_mm', 'body_mass_g', 'species']
2026-05-30 09:10:29 | INFO | EDA | Original rows: 344
2026-05-30 09:10:29 | INFO | EDA | Clean rows:    342
2026-05-30 09:10:29 | INFO | EDA | Rows dropped:  2
2026-05-30 09:10:29 | INFO | EDA | --- Section 6: Descriptive statistics for numeric columns ---
2026-05-30 09:10:29 | INFO | EDA | --------------- Manual statistics ---------------
2026-05-30 09:10:29 | DEBUG | EDA | Body Mass Statistics (using numpy):
2026-05-30 09:10:29 | DEBUG | EDA |   Mean: 4201.75 g
2026-05-30 09:10:29 | DEBUG | EDA |   Std Dev: 800.78 g
2026-05-30 09:10:29 | DEBUG | EDA |   Min: 2700.00 g
2026-05-30 09:10:29 | DEBUG | EDA |   Max: 6300.00 g
2026-05-30 09:10:29 | DEBUG | EDA |   Range: 3600.00 g
2026-05-30 09:10:29 | INFO | EDA | --------------- Using pandas describe() method ---------------
2026-05-30 09:10:29 | INFO | EDA | Computing overall descriptive statistics
2026-05-30 09:10:29 | DEBUG | EDA | 
                   count         mean         std     min       25%      50%     75%     max
bill_length_mm     342.0    43.921930    5.459584    32.1    39.225    44.45    48.5    59.6
bill_depth_mm      342.0    17.151170    1.974793    13.1    15.600    17.30    18.7    21.5
flipper_length_mm  342.0   200.915205   14.061714   172.0   190.000   197.00   213.0   231.0
body_mass_g        342.0  4201.754386  801.954536  2700.0  3550.000  4050.00  4750.0  6300.0
2026-05-30 09:10:29 | INFO | EDA | --------------- Using pandas groupby() and agg() ---------------
2026-05-30 09:10:29 | INFO | EDA | Computing descriptive statistics by group
2026-05-30 09:10:29 | DEBUG | EDA | 
          bill_length_mm                                  bill_depth_mm                                   \
                   count       mean       std   min   max         count       mean       std   min   max   
species                                                                                                    
Adelie               151  38.791391  2.663405  32.1  46.0           151  18.346358  1.216650  15.5  21.5   
Chinstrap             68  48.833824  3.339256  40.9  58.0            68  18.420588  1.135395  16.4  20.8   
Gentoo               123  47.504878  3.081857  40.9  59.6           123  14.982114  0.981220  13.1  17.3   

          flipper_length_mm                                     body_mass_g                                           
                      count        mean       std    min    max       count         mean         std     min     max  
species                                                                                                               
Adelie                  151  189.953642  6.539457  172.0  210.0         151  3700.662252  458.566126  2850.0  4775.0  
Chinstrap                68  195.823529  7.131894  178.0  212.0          68  3733.088235  384.335081  2700.0  4800.0  
Gentoo                  123  217.186992  6.484976  203.0  231.0         123  5076.016260  504.116237  3950.0  6300.0  
2026-05-30 09:10:29 | INFO | EDA | 
Stacked view - easier to read in logs:
2026-05-30 09:10:29 | DEBUG | EDA | 
                             count         mean         std     min     max
species                                                                    
Adelie    bill_length_mm       151    38.791391    2.663405    32.1    46.0
          bill_depth_mm        151    18.346358    1.216650    15.5    21.5
          flipper_length_mm    151   189.953642    6.539457   172.0   210.0
          body_mass_g          151  3700.662252  458.566126  2850.0  4775.0
Chinstrap bill_length_mm        68    48.833824    3.339256    40.9    58.0
          bill_depth_mm         68    18.420588    1.135395    16.4    20.8
          flipper_length_mm     68   195.823529    7.131894   178.0   212.0
          body_mass_g           68  3733.088235  384.335081  2700.0  4800.0
Gentoo    bill_length_mm       123    47.504878    3.081857    40.9    59.6
          bill_depth_mm        123    14.982114    0.981220    13.1    17.3
          flipper_length_mm    123   217.186992    6.484976   203.0   231.0
          body_mass_g          123  5076.016260  504.116237  3950.0  6300.0
2026-05-30 09:10:29 | INFO | EDA | --- Section 7: Correlation matrix for numeric columns ---
2026-05-30 09:10:29 | INFO | EDA | Computing correlation matrix for numeric columns
2026-05-30 09:10:29 | INFO | EDA | 
Correlation matrix:
2026-05-30 09:10:29 | DEBUG | EDA | 
                   bill_length_mm  bill_depth_mm  flipper_length_mm  body_mass_g
bill_length_mm           1.000000      -0.235053           0.656181     0.595110
bill_depth_mm           -0.235053       1.000000          -0.583851    -0.471916
flipper_length_mm        0.656181      -0.583851           1.000000     0.871202
body_mass_g              0.595110      -0.471916           0.871202     1.000000
2026-05-30 09:10:29 | INFO | EDA | ---------Visualize Correlation Matrix as a Heatmap---------------
2026-05-30 09:10:29 | INFO | EDA | 
CUSTOM: Update these notes and use Markdown cells to narrate and tell the story as you explore. For example:

Interpretation:

 - Values close to 1 (dark red) = strong positive correlation (both increase together)
 - Values close to -1 (dark blue) = strong negative correlation (one increases, other decreases)
 - Values close to 0 (white) = little or no linear relationship
 - The diagonal is always 1 (each variable correlates perfectly with itself)

From this heatmap, we can see that flipper_length_mm and body_mass_g show strong positive correlation (~0.87).

2026-05-30 09:10:29 | INFO | EDA | --- Section 8: Charts ---
2026-05-30 09:10:29 | INFO | EDA | ---- Creating Scatter Plot to see Relationships ------
2026-05-30 09:10:29 | INFO | EDA | ----   Use clean dataframe ---------------------------
2026-05-30 09:10:29 | INFO | EDA | ----   Set x to flipper length -----------------------
2026-05-30 09:10:29 | INFO | EDA | ----   Set y to bill length --------------------------
2026-05-30 09:10:29 | INFO | EDA | ----   Set the hue (color mapping) to the group column --
2026-05-30 09:10:29 | INFO | EDA | ------ Creating Box Plot to see Distribution: ---------
2026-05-30 09:10:29 | INFO | EDA | ------   Use clean dataframe --------------------------
2026-05-30 09:10:29 | INFO | EDA | ------   Set x to the group column --------------------
2026-05-30 09:10:29 | INFO | EDA | ------   Set y to flipper length ----------------------
2026-05-30 09:10:30 | INFO | EDA | --- Section 9: Summary and next steps ---
2026-05-30 09:10:30 | INFO | EDA | ========================
2026-05-30 09:10:30 | INFO | EDA | SUMMARY
2026-05-30 09:10:30 | INFO | EDA | ========================
2026-05-30 09:10:30 | INFO | EDA | Dataset: penguins
2026-05-30 09:10:30 | INFO | EDA | Original rows: 344
2026-05-30 09:10:30 | INFO | EDA | Clean rows:    342
2026-05-30 09:10:30 | INFO | EDA | Groups found in species: ['Adelie', 'Chinstrap', 'Gentoo']
2026-05-30 09:10:30 | INFO | EDA | Strongest correlation: 
2026-05-30 09:10:30 | INFO | EDA |   flipper_length_mm and body_mass_g (~0.87)
2026-05-30 09:10:30 | INFO | EDA | Suggested next step: 
2026-05-30 09:10:30 | INFO | EDA |   Model body_mass_g ~ flipper_length_mm with linear regression
2026-05-30 09:10:30 | INFO | EDA | ----- in a script, call plt.show() once at the end to display all charts -----
2026-05-30 09:10:30 | INFO | EDA | ----- in a script, close the chart windows (with the close button) to continue  -----
2026-05-30 09:10:33 | INFO | EDA | EDA workflow complete
2026-05-30 09:10:33 | INFO | EDA | IMPORTANT: This script creates chart windows.
2026-05-30 09:10:33 | INFO | EDA | Close any chart windows and terminate this process with CTRL+c as needed.
2026-05-30 09:10:33 | INFO | EDA | ========================
2026-05-30 09:10:33 | INFO | EDA | Executed successfully!
2026-05-30 09:10:33 | INFO | EDA | ========================
2026-05-30 09:11:23 | INFO | EDA-NB | === RUN START ===
2026-05-30 09:11:23 | INFO | EDA-NB | project=EDA-NB
2026-05-30 09:11:23 | INFO | EDA-NB | repo_dir=datafun-04-notebooks
2026-05-30 09:11:23 | INFO | EDA-NB | python=3.14.5
2026-05-30 09:11:23 | INFO | EDA-NB | os=Windows 11
2026-05-30 09:11:23 | INFO | EDA-NB | shell=powershell
2026-05-30 09:11:23 | INFO | EDA-NB | cwd=notebooks
2026-05-30 09:11:23 | INFO | EDA-NB | github_actions=False
2026-05-30 09:11:23 | INFO | EDA-NB | Imports complete.
2026-05-30 09:11:23 | INFO | EDA-NB | Loading dataset: penguins
2026-05-30 09:11:23 | INFO | EDA-NB | Loaded: 344 rows, 7 columns
2026-05-30 09:11:23 | INFO | EDA-NB | Previewing first few rows of the dataset
2026-05-30 09:11:23 | INFO | EDA-NB | Column names
2026-05-30 09:11:23 | INFO | EDA-NB | DataFrame info (types and non-null counts)
2026-05-30 09:11:23 | INFO | EDA-NB | Dataset shape: 344 rows, 7 columns
2026-05-30 09:11:23 | INFO | EDA-NB | Building starter data dictionary
2026-05-30 09:11:23 | DEBUG | EDA-NB | 
              column    dtype  missing_count  missing_pct
0            species      str              0         0.00
1             island      str              0         0.00
2     bill_length_mm  float64              2         0.58
3      bill_depth_mm  float64              2         0.58
4  flipper_length_mm  float64              2         0.58
5        body_mass_g  float64              2         0.58
6                sex      str             11         3.20
2026-05-30 09:11:24 | INFO | EDA-NB | Missing values per column:
2026-05-30 09:11:24 | INFO | EDA-NB | species               0
island                0
bill_length_mm        2
bill_depth_mm         2
flipper_length_mm     2
body_mass_g           2
sex                  11
dtype: int64
2026-05-30 09:11:24 | INFO | EDA-NB | Checking missing values per column
2026-05-30 09:11:24 | DEBUG | EDA-NB | 
sex                  11
bill_depth_mm         2
bill_length_mm        2
flipper_length_mm     2
body_mass_g           2
island                0
species               0
dtype: int64
2026-05-30 09:11:24 | INFO | EDA-NB | Duplicate rows detected: 0
2026-05-30 09:11:24 | INFO | EDA-NB | Call describe() for numeric columns
2026-05-30 09:11:24 | DEBUG | EDA-NB | 
       bill_length_mm  bill_depth_mm  flipper_length_mm  body_mass_g
count      342.000000     342.000000         342.000000   342.000000
mean        43.921930      17.151170         200.915205  4201.754386
std          5.459584       1.974793          14.061714   801.954536
min         32.100000      13.100000         172.000000  2700.000000
25%         39.225000      15.600000         190.000000  3550.000000
50%         44.450000      17.300000         197.000000  4050.000000
75%         48.500000      18.700000         213.000000  4750.000000
max         59.600000      21.500000         231.000000  6300.000000

2026-05-30 09:11:24 | DEBUG | EDA-NB | Columns required to be non-missing: ['bill_length_mm', 'bill_depth_mm', 'flipper_length_mm', 'body_mass_g', 'species']
2026-05-30 09:11:24 | INFO | EDA-NB | Original rows: 344
2026-05-30 09:11:24 | INFO | EDA-NB | Clean rows:    342
2026-05-30 09:11:24 | INFO | EDA-NB | Rows dropped:  2
2026-05-30 09:11:24 | INFO | EDA-NB | --------------- Manual statistics ---------------
2026-05-30 09:11:24 | INFO | EDA-NB | Body Mass Statistics (using numpy):
2026-05-30 09:11:24 | INFO | EDA-NB |   Mean: 4201.75 g
2026-05-30 09:11:24 | INFO | EDA-NB |   Std Dev: 800.78 g
2026-05-30 09:11:24 | INFO | EDA-NB |   Min: 2700.00 g
2026-05-30 09:11:24 | INFO | EDA-NB |   Max: 6300.00 g
2026-05-30 09:11:24 | INFO | EDA-NB |   Range: 3600.00 g
2026-05-30 09:11:24 | INFO | EDA-NB | Computing overall descriptive statistics
2026-05-30 09:11:24 | DEBUG | EDA-NB | 
                   count         mean         std     min       25%      50%     75%     max
bill_length_mm     342.0    43.921930    5.459584    32.1    39.225    44.45    48.5    59.6
bill_depth_mm      342.0    17.151170    1.974793    13.1    15.600    17.30    18.7    21.5
flipper_length_mm  342.0   200.915205   14.061714   172.0   190.000   197.00   213.0   231.0
body_mass_g        342.0  4201.754386  801.954536  2700.0  3550.000  4050.00  4750.0  6300.0
2026-05-30 09:11:24 | INFO | EDA-NB | --------------- Using pandas groupby() and agg() ---------------
2026-05-30 09:11:24 | INFO | EDA-NB | Computing descriptive statistics by group
2026-05-30 09:11:24 | DEBUG | EDA-NB | 
          bill_length_mm                                  bill_depth_mm                                   \
                   count       mean       std   min   max         count       mean       std   min   max   
species                                                                                                    
Adelie               151  38.791391  2.663405  32.1  46.0           151  18.346358  1.216650  15.5  21.5   
Chinstrap             68  48.833824  3.339256  40.9  58.0            68  18.420588  1.135395  16.4  20.8   
Gentoo               123  47.504878  3.081857  40.9  59.6           123  14.982114  0.981220  13.1  17.3   

          flipper_length_mm                                     body_mass_g                                           
                      count        mean       std    min    max       count         mean         std     min     max  
species                                                                                                               
Adelie                  151  189.953642  6.539457  172.0  210.0         151  3700.662252  458.566126  2850.0  4775.0  
Chinstrap                68  195.823529  7.131894  178.0  212.0          68  3733.088235  384.335081  2700.0  4800.0  
Gentoo                  123  217.186992  6.484976  203.0  231.0         123  5076.016260  504.116237  3950.0  6300.0  
2026-05-30 09:11:24 | INFO | EDA-NB | --------------- Improving the output ---------------
2026-05-30 09:11:24 | DEBUG | EDA-NB | 
                             count         mean         std     min     max
species                                                                    
Adelie    bill_length_mm       151    38.791391    2.663405    32.1    46.0
          bill_depth_mm        151    18.346358    1.216650    15.5    21.5
          flipper_length_mm    151   189.953642    6.539457   172.0   210.0
          body_mass_g          151  3700.662252  458.566126  2850.0  4775.0
Chinstrap bill_length_mm        68    48.833824    3.339256    40.9    58.0
          bill_depth_mm         68    18.420588    1.135395    16.4    20.8
          flipper_length_mm     68   195.823529    7.131894   178.0   212.0
          body_mass_g           68  3733.088235  384.335081  2700.0  4800.0
Gentoo    bill_length_mm       123    47.504878    3.081857    40.9    59.6
          bill_depth_mm        123    14.982114    0.981220    13.1    17.3
          flipper_length_mm    123   217.186992    6.484976   203.0   231.0
          body_mass_g          123  5076.016260  504.116237  3950.0  6300.0
2026-05-30 09:11:24 | INFO | EDA-NB | Computing correlation matrix for numeric columns
2026-05-30 09:11:24 | INFO | EDA-NB | 
Correlation matrix:
2026-05-30 09:11:24 | DEBUG | EDA-NB | 
                   bill_length_mm  bill_depth_mm  flipper_length_mm  body_mass_g
bill_length_mm           1.000000      -0.235053           0.656181     0.595110
bill_depth_mm           -0.235053       1.000000          -0.583851    -0.471916
flipper_length_mm        0.656181      -0.583851           1.000000     0.871202
body_mass_g              0.595110      -0.471916           0.871202     1.000000
2026-05-30 09:11:24 | INFO | EDA-NB | ---------Visualize Correlation Matrix as a Heatmap---------------
2026-05-30 10:08:06 | INFO | EDA | === RUN START ===
2026-05-30 10:08:06 | INFO | EDA | project=EDA
2026-05-30 10:08:06 | INFO | EDA | repo_dir=datafun-04-notebooks
2026-05-30 10:08:06 | INFO | EDA | python=3.14.5
2026-05-30 10:08:06 | INFO | EDA | os=Windows 11
2026-05-30 10:08:06 | INFO | EDA | shell=powershell
2026-05-30 10:08:06 | INFO | EDA | cwd=.
2026-05-30 10:08:06 | INFO | EDA | github_actions=False
2026-05-30 10:08:06 | INFO | EDA | ========================
2026-05-30 10:08:06 | INFO | EDA | START main()
2026-05-30 10:08:06 | INFO | EDA | ========================
2026-05-30 10:08:06 | INFO | EDA | --- Section 2: Load dataset: penguins ---
2026-05-30 10:08:06 | INFO | EDA | Loading dataset: penguins
2026-05-30 10:08:06 | INFO | EDA | Loaded: 344 rows, 7 columns
2026-05-30 10:08:06 | INFO | EDA | --- Section 3: Inspect shape and basic structure ---
2026-05-30 10:08:06 | INFO | EDA | Previewing first few rows of the dataset
2026-05-30 10:08:06 | DEBUG | EDA | 
  species     island  bill_length_mm  bill_depth_mm  flipper_length_mm  body_mass_g     sex
0  Adelie  Torgersen            39.1           18.7              181.0       3750.0    Male
1  Adelie  Torgersen            39.5           17.4              186.0       3800.0  Female
2  Adelie  Torgersen            40.3           18.0              195.0       3250.0  Female
3  Adelie  Torgersen             NaN            NaN                NaN          NaN     NaN
4  Adelie  Torgersen            36.7           19.3              193.0       3450.0  Female
2026-05-30 10:08:06 | INFO | EDA | Column names
2026-05-30 10:08:06 | DEBUG | EDA | ['species', 'island', 'bill_length_mm', 'bill_depth_mm', 'flipper_length_mm', 'body_mass_g', 'sex']
2026-05-30 10:08:06 | INFO | EDA | DataFrame info (types and non-null counts)
2026-05-30 10:08:06 | INFO | EDA | Dataset shape: 344 rows, 7 columns
2026-05-30 10:08:06 | INFO | EDA | --- Section 4: Create Data Dictionary and Check Data Quality ---
2026-05-30 10:08:06 | INFO | EDA | Building starter data dictionary
2026-05-30 10:08:06 | DEBUG | EDA | 
              column    dtype  missing_count  missing_pct
0            species      str              0         0.00
1             island      str              0         0.00
2     bill_length_mm  float64              2         0.58
3      bill_depth_mm  float64              2         0.58
4  flipper_length_mm  float64              2         0.58
5        body_mass_g  float64              2         0.58
6                sex      str             11         3.20
2026-05-30 10:08:06 | INFO | EDA | Missing values per column:
2026-05-30 10:08:06 | INFO | EDA | 
species               0
island                0
bill_length_mm        2
bill_depth_mm         2
flipper_length_mm     2
body_mass_g           2
sex                  11
dtype: int64
2026-05-30 10:08:06 | INFO | EDA | Checking missing values per column
2026-05-30 10:08:06 | DEBUG | EDA | 
sex                  11
bill_depth_mm         2
bill_length_mm        2
flipper_length_mm     2
body_mass_g           2
island                0
species               0
dtype: int64
2026-05-30 10:08:06 | INFO | EDA | Duplicate rows detected: 0
2026-05-30 10:08:06 | INFO | EDA | Call describe() for numeric columns
2026-05-30 10:08:06 | DEBUG | EDA | 
       bill_length_mm  bill_depth_mm  flipper_length_mm  body_mass_g
count      342.000000     342.000000         342.000000   342.000000
mean        43.921930      17.151170         200.915205  4201.754386
std          5.459584       1.974793          14.061714   801.954536
min         32.100000      13.100000         172.000000  2700.000000
25%         39.225000      15.600000         190.000000  3550.000000
50%         44.450000      17.300000         197.000000  4050.000000
75%         48.500000      18.700000         213.000000  4750.000000
max         59.600000      21.500000         231.000000  6300.000000

2026-05-30 10:08:06 | INFO | EDA | --- Section 5: Create a cleaned view for EDA ---
2026-05-30 10:08:06 | INFO | EDA | Creating cleaned view for EDA (dropping rows with key missing values)
2026-05-30 10:08:06 | DEBUG | EDA | Columns required to be non-missing: ['bill_length_mm', 'bill_depth_mm', 'flipper_length_mm', 'body_mass_g', 'species']
2026-05-30 10:08:06 | INFO | EDA | Original rows: 344
2026-05-30 10:08:06 | INFO | EDA | Clean rows:    342
2026-05-30 10:08:06 | INFO | EDA | Rows dropped:  2
2026-05-30 10:08:06 | INFO | EDA | --- Section 6: Descriptive statistics for numeric columns ---
2026-05-30 10:08:06 | INFO | EDA | --------------- Manual statistics ---------------
2026-05-30 10:08:06 | DEBUG | EDA | Body Mass Statistics (using numpy):
2026-05-30 10:08:06 | DEBUG | EDA |   Mean: 4201.75 g
2026-05-30 10:08:06 | DEBUG | EDA |   Std Dev: 800.78 g
2026-05-30 10:08:06 | DEBUG | EDA |   Min: 2700.00 g
2026-05-30 10:08:06 | DEBUG | EDA |   Max: 6300.00 g
2026-05-30 10:08:06 | DEBUG | EDA |   Range: 3600.00 g
2026-05-30 10:08:06 | INFO | EDA | --------------- Using pandas describe() method ---------------
2026-05-30 10:08:06 | INFO | EDA | Computing overall descriptive statistics
2026-05-30 10:08:06 | DEBUG | EDA | 
                   count         mean         std     min       25%      50%     75%     max
bill_length_mm     342.0    43.921930    5.459584    32.1    39.225    44.45    48.5    59.6
bill_depth_mm      342.0    17.151170    1.974793    13.1    15.600    17.30    18.7    21.5
flipper_length_mm  342.0   200.915205   14.061714   172.0   190.000   197.00   213.0   231.0
body_mass_g        342.0  4201.754386  801.954536  2700.0  3550.000  4050.00  4750.0  6300.0
2026-05-30 10:08:06 | INFO | EDA | --------------- Using pandas groupby() and agg() ---------------
2026-05-30 10:08:06 | INFO | EDA | Computing descriptive statistics by group
2026-05-30 10:08:06 | DEBUG | EDA | 
          bill_length_mm                                  bill_depth_mm                                   \
                   count       mean       std   min   max         count       mean       std   min   max   
species                                                                                                    
Adelie               151  38.791391  2.663405  32.1  46.0           151  18.346358  1.216650  15.5  21.5   
Chinstrap             68  48.833824  3.339256  40.9  58.0            68  18.420588  1.135395  16.4  20.8   
Gentoo               123  47.504878  3.081857  40.9  59.6           123  14.982114  0.981220  13.1  17.3   

          flipper_length_mm                                     body_mass_g                                           
                      count        mean       std    min    max       count         mean         std     min     max  
species                                                                                                               
Adelie                  151  189.953642  6.539457  172.0  210.0         151  3700.662252  458.566126  2850.0  4775.0  
Chinstrap                68  195.823529  7.131894  178.0  212.0          68  3733.088235  384.335081  2700.0  4800.0  
Gentoo                  123  217.186992  6.484976  203.0  231.0         123  5076.016260  504.116237  3950.0  6300.0  
2026-05-30 10:08:06 | INFO | EDA | 
Stacked view - easier to read in logs:
2026-05-30 10:08:06 | DEBUG | EDA | 
                             count         mean         std     min     max
species                                                                    
Adelie    bill_length_mm       151    38.791391    2.663405    32.1    46.0
          bill_depth_mm        151    18.346358    1.216650    15.5    21.5
          flipper_length_mm    151   189.953642    6.539457   172.0   210.0
          body_mass_g          151  3700.662252  458.566126  2850.0  4775.0
Chinstrap bill_length_mm        68    48.833824    3.339256    40.9    58.0
          bill_depth_mm         68    18.420588    1.135395    16.4    20.8
          flipper_length_mm     68   195.823529    7.131894   178.0   212.0
          body_mass_g           68  3733.088235  384.335081  2700.0  4800.0
Gentoo    bill_length_mm       123    47.504878    3.081857    40.9    59.6
          bill_depth_mm        123    14.982114    0.981220    13.1    17.3
          flipper_length_mm    123   217.186992    6.484976   203.0   231.0
          body_mass_g          123  5076.016260  504.116237  3950.0  6300.0
2026-05-30 10:08:06 | INFO | EDA | --- Section 7: Correlation matrix for numeric columns ---
2026-05-30 10:08:06 | INFO | EDA | Computing correlation matrix for numeric columns
2026-05-30 10:08:06 | INFO | EDA | 
Correlation matrix:
2026-05-30 10:08:06 | DEBUG | EDA | 
                   bill_length_mm  bill_depth_mm  flipper_length_mm  body_mass_g
bill_length_mm           1.000000      -0.235053           0.656181     0.595110
bill_depth_mm           -0.235053       1.000000          -0.583851    -0.471916
flipper_length_mm        0.656181      -0.583851           1.000000     0.871202
body_mass_g              0.595110      -0.471916           0.871202     1.000000
2026-05-30 10:08:06 | INFO | EDA | ---------Visualize Correlation Matrix as a Heatmap---------------
2026-05-30 10:08:07 | INFO | EDA | 
CUSTOM: Update these notes and use Markdown cells to narrate and tell the story as you explore. For example:

Interpretation:

 - Values close to 1 (dark red) = strong positive correlation (both increase together)
 - Values close to -1 (dark blue) = strong negative correlation (one increases, other decreases)
 - Values close to 0 (white) = little or no linear relationship
 - The diagonal is always 1 (each variable correlates perfectly with itself)

From this heatmap, we can see that flipper_length_mm and body_mass_g show strong positive correlation (~0.87).

2026-05-30 10:08:07 | INFO | EDA | --- Section 8: Charts ---
2026-05-30 10:08:07 | INFO | EDA | ---- Creating Scatter Plot to see Relationships ------
2026-05-30 10:08:07 | INFO | EDA | ----   Use clean dataframe ---------------------------
2026-05-30 10:08:07 | INFO | EDA | ----   Set x to flipper length -----------------------
2026-05-30 10:08:07 | INFO | EDA | ----   Set y to bill length --------------------------
2026-05-30 10:08:07 | INFO | EDA | ----   Set the hue (color mapping) to the group column --
2026-05-30 10:08:07 | INFO | EDA | ------ Creating Box Plot to see Distribution: ---------
2026-05-30 10:08:07 | INFO | EDA | ------   Use clean dataframe --------------------------
2026-05-30 10:08:07 | INFO | EDA | ------   Set x to the group column --------------------
2026-05-30 10:08:07 | INFO | EDA | ------   Set y to flipper length ----------------------
2026-05-30 10:08:07 | INFO | EDA | --- Section 9: Summary and next steps ---
2026-05-30 10:08:07 | INFO | EDA | ========================
2026-05-30 10:08:07 | INFO | EDA | SUMMARY
2026-05-30 10:08:07 | INFO | EDA | ========================
2026-05-30 10:08:07 | INFO | EDA | Dataset: penguins
2026-05-30 10:08:07 | INFO | EDA | Original rows: 344
2026-05-30 10:08:07 | INFO | EDA | Clean rows:    342
2026-05-30 10:08:07 | INFO | EDA | Groups found in species: ['Adelie', 'Chinstrap', 'Gentoo']
2026-05-30 10:08:07 | INFO | EDA | Strongest correlation: 
2026-05-30 10:08:07 | INFO | EDA |   flipper_length_mm and body_mass_g (~0.87)
2026-05-30 10:08:07 | INFO | EDA | Suggested next step: 
2026-05-30 10:08:07 | INFO | EDA |   Model body_mass_g ~ flipper_length_mm with linear regression
2026-05-30 10:08:07 | INFO | EDA | ----- in a script, call plt.show() once at the end to display all charts -----
2026-05-30 10:08:07 | INFO | EDA | ----- in a script, close the chart windows (with the close button) to continue  -----
2026-05-30 10:08:11 | INFO | EDA | EDA workflow complete
2026-05-30 10:08:11 | INFO | EDA | IMPORTANT: This script creates chart windows.
2026-05-30 10:08:11 | INFO | EDA | Close any chart windows and terminate this process with CTRL+c as needed.
2026-05-30 10:08:11 | INFO | EDA | ========================
2026-05-30 10:08:11 | INFO | EDA | Executed successfully!
2026-05-30 10:08:11 | INFO | EDA | ========================
2026-05-30 10:08:16 | INFO | EDA | === RUN START ===
2026-05-30 10:08:16 | INFO | EDA | project=EDA
2026-05-30 10:08:16 | INFO | EDA | repo_dir=datafun-04-notebooks
2026-05-30 10:08:16 | INFO | EDA | python=3.14.5
2026-05-30 10:08:16 | INFO | EDA | os=Windows 11
2026-05-30 10:08:16 | INFO | EDA | shell=powershell
2026-05-30 10:08:16 | INFO | EDA | cwd=.
2026-05-30 10:08:16 | INFO | EDA | github_actions=False
2026-05-30 10:08:16 | INFO | EDA | ========================
2026-05-30 10:08:16 | INFO | EDA | START main()
2026-05-30 10:08:16 | INFO | EDA | ========================
2026-05-30 10:08:16 | INFO | EDA | --- Section 2: Load dataset: penguins ---
2026-05-30 10:08:16 | INFO | EDA | Loading dataset: penguins
2026-05-30 10:08:16 | INFO | EDA | Loaded: 344 rows, 7 columns
2026-05-30 10:08:16 | INFO | EDA | --- Section 3: Inspect shape and basic structure ---
2026-05-30 10:08:16 | INFO | EDA | Previewing first few rows of the dataset
2026-05-30 10:08:16 | DEBUG | EDA | 
  species     island  bill_length_mm  bill_depth_mm  flipper_length_mm  body_mass_g     sex
0  Adelie  Torgersen            39.1           18.7              181.0       3750.0    Male
1  Adelie  Torgersen            39.5           17.4              186.0       3800.0  Female
2  Adelie  Torgersen            40.3           18.0              195.0       3250.0  Female
3  Adelie  Torgersen             NaN            NaN                NaN          NaN     NaN
4  Adelie  Torgersen            36.7           19.3              193.0       3450.0  Female
2026-05-30 10:08:16 | INFO | EDA | Column names
2026-05-30 10:08:16 | DEBUG | EDA | ['species', 'island', 'bill_length_mm', 'bill_depth_mm', 'flipper_length_mm', 'body_mass_g', 'sex']
2026-05-30 10:08:16 | INFO | EDA | DataFrame info (types and non-null counts)
2026-05-30 10:08:16 | INFO | EDA | Dataset shape: 344 rows, 7 columns
2026-05-30 10:08:16 | INFO | EDA | --- Section 4: Create Data Dictionary and Check Data Quality ---
2026-05-30 10:08:16 | INFO | EDA | Building starter data dictionary
2026-05-30 10:08:16 | DEBUG | EDA | 
              column    dtype  missing_count  missing_pct
0            species      str              0         0.00
1             island      str              0         0.00
2     bill_length_mm  float64              2         0.58
3      bill_depth_mm  float64              2         0.58
4  flipper_length_mm  float64              2         0.58
5        body_mass_g  float64              2         0.58
6                sex      str             11         3.20
2026-05-30 10:08:16 | INFO | EDA | Missing values per column:
2026-05-30 10:08:16 | INFO | EDA | 
species               0
island                0
bill_length_mm        2
bill_depth_mm         2
flipper_length_mm     2
body_mass_g           2
sex                  11
dtype: int64
2026-05-30 10:08:16 | INFO | EDA | Checking missing values per column
2026-05-30 10:08:16 | DEBUG | EDA | 
sex                  11
bill_depth_mm         2
bill_length_mm        2
flipper_length_mm     2
body_mass_g           2
island                0
species               0
dtype: int64
2026-05-30 10:08:16 | INFO | EDA | Duplicate rows detected: 0
2026-05-30 10:08:16 | INFO | EDA | Call describe() for numeric columns
2026-05-30 10:08:16 | DEBUG | EDA | 
       bill_length_mm  bill_depth_mm  flipper_length_mm  body_mass_g
count      342.000000     342.000000         342.000000   342.000000
mean        43.921930      17.151170         200.915205  4201.754386
std          5.459584       1.974793          14.061714   801.954536
min         32.100000      13.100000         172.000000  2700.000000
25%         39.225000      15.600000         190.000000  3550.000000
50%         44.450000      17.300000         197.000000  4050.000000
75%         48.500000      18.700000         213.000000  4750.000000
max         59.600000      21.500000         231.000000  6300.000000

2026-05-30 10:08:16 | INFO | EDA | --- Section 5: Create a cleaned view for EDA ---
2026-05-30 10:08:16 | INFO | EDA | Creating cleaned view for EDA (dropping rows with key missing values)
2026-05-30 10:08:16 | DEBUG | EDA | Columns required to be non-missing: ['bill_length_mm', 'bill_depth_mm', 'flipper_length_mm', 'body_mass_g', 'species']
2026-05-30 10:08:16 | INFO | EDA | Original rows: 344
2026-05-30 10:08:16 | INFO | EDA | Clean rows:    342
2026-05-30 10:08:16 | INFO | EDA | Rows dropped:  2
2026-05-30 10:08:16 | INFO | EDA | --- Section 6: Descriptive statistics for numeric columns ---
2026-05-30 10:08:16 | INFO | EDA | --------------- Manual statistics ---------------
2026-05-30 10:08:16 | DEBUG | EDA | Body Mass Statistics (using numpy):
2026-05-30 10:08:16 | DEBUG | EDA |   Mean: 4201.75 g
2026-05-30 10:08:16 | DEBUG | EDA |   Std Dev: 800.78 g
2026-05-30 10:08:16 | DEBUG | EDA |   Min: 2700.00 g
2026-05-30 10:08:16 | DEBUG | EDA |   Max: 6300.00 g
2026-05-30 10:08:16 | DEBUG | EDA |   Range: 3600.00 g
2026-05-30 10:08:16 | INFO | EDA | --------------- Using pandas describe() method ---------------
2026-05-30 10:08:16 | INFO | EDA | Computing overall descriptive statistics
2026-05-30 10:08:16 | DEBUG | EDA | 
                   count         mean         std     min       25%      50%     75%     max
bill_length_mm     342.0    43.921930    5.459584    32.1    39.225    44.45    48.5    59.6
bill_depth_mm      342.0    17.151170    1.974793    13.1    15.600    17.30    18.7    21.5
flipper_length_mm  342.0   200.915205   14.061714   172.0   190.000   197.00   213.0   231.0
body_mass_g        342.0  4201.754386  801.954536  2700.0  3550.000  4050.00  4750.0  6300.0
2026-05-30 10:08:16 | INFO | EDA | --------------- Using pandas groupby() and agg() ---------------
2026-05-30 10:08:16 | INFO | EDA | Computing descriptive statistics by group
2026-05-30 10:08:16 | DEBUG | EDA | 
          bill_length_mm                                  bill_depth_mm                                   \
                   count       mean       std   min   max         count       mean       std   min   max   
species                                                                                                    
Adelie               151  38.791391  2.663405  32.1  46.0           151  18.346358  1.216650  15.5  21.5   
Chinstrap             68  48.833824  3.339256  40.9  58.0            68  18.420588  1.135395  16.4  20.8   
Gentoo               123  47.504878  3.081857  40.9  59.6           123  14.982114  0.981220  13.1  17.3   

          flipper_length_mm                                     body_mass_g                                           
                      count        mean       std    min    max       count         mean         std     min     max  
species                                                                                                               
Adelie                  151  189.953642  6.539457  172.0  210.0         151  3700.662252  458.566126  2850.0  4775.0  
Chinstrap                68  195.823529  7.131894  178.0  212.0          68  3733.088235  384.335081  2700.0  4800.0  
Gentoo                  123  217.186992  6.484976  203.0  231.0         123  5076.016260  504.116237  3950.0  6300.0  
2026-05-30 10:08:16 | INFO | EDA | 
Stacked view - easier to read in logs:
2026-05-30 10:08:16 | DEBUG | EDA | 
                             count         mean         std     min     max
species                                                                    
Adelie    bill_length_mm       151    38.791391    2.663405    32.1    46.0
          bill_depth_mm        151    18.346358    1.216650    15.5    21.5
          flipper_length_mm    151   189.953642    6.539457   172.0   210.0
          body_mass_g          151  3700.662252  458.566126  2850.0  4775.0
Chinstrap bill_length_mm        68    48.833824    3.339256    40.9    58.0
          bill_depth_mm         68    18.420588    1.135395    16.4    20.8
          flipper_length_mm     68   195.823529    7.131894   178.0   212.0
          body_mass_g           68  3733.088235  384.335081  2700.0  4800.0
Gentoo    bill_length_mm       123    47.504878    3.081857    40.9    59.6
          bill_depth_mm        123    14.982114    0.981220    13.1    17.3
          flipper_length_mm    123   217.186992    6.484976   203.0   231.0
          body_mass_g          123  5076.016260  504.116237  3950.0  6300.0
2026-05-30 10:08:16 | INFO | EDA | --- Section 7: Correlation matrix for numeric columns ---
2026-05-30 10:08:16 | INFO | EDA | Computing correlation matrix for numeric columns
2026-05-30 10:08:16 | INFO | EDA | 
Correlation matrix:
2026-05-30 10:08:16 | DEBUG | EDA | 
                   bill_length_mm  bill_depth_mm  flipper_length_mm  body_mass_g
bill_length_mm           1.000000      -0.235053           0.656181     0.595110
bill_depth_mm           -0.235053       1.000000          -0.583851    -0.471916
flipper_length_mm        0.656181      -0.583851           1.000000     0.871202
body_mass_g              0.595110      -0.471916           0.871202     1.000000
2026-05-30 10:08:16 | INFO | EDA | ---------Visualize Correlation Matrix as a Heatmap---------------
2026-05-30 10:08:16 | INFO | EDA | 
CUSTOM: Update these notes and use Markdown cells to narrate and tell the story as you explore. For example:

Interpretation:

 - Values close to 1 (dark red) = strong positive correlation (both increase together)
 - Values close to -1 (dark blue) = strong negative correlation (one increases, other decreases)
 - Values close to 0 (white) = little or no linear relationship
 - The diagonal is always 1 (each variable correlates perfectly with itself)

From this heatmap, we can see that flipper_length_mm and body_mass_g show strong positive correlation (~0.87).

2026-05-30 10:08:16 | INFO | EDA | --- Section 8: Charts ---
2026-05-30 10:08:16 | INFO | EDA | ---- Creating Scatter Plot to see Relationships ------
2026-05-30 10:08:16 | INFO | EDA | ----   Use clean dataframe ---------------------------
2026-05-30 10:08:16 | INFO | EDA | ----   Set x to flipper length -----------------------
2026-05-30 10:08:16 | INFO | EDA | ----   Set y to bill length --------------------------
2026-05-30 10:08:16 | INFO | EDA | ----   Set the hue (color mapping) to the group column --
2026-05-30 10:08:17 | INFO | EDA | ------ Creating Box Plot to see Distribution: ---------
2026-05-30 10:08:17 | INFO | EDA | ------   Use clean dataframe --------------------------
2026-05-30 10:08:17 | INFO | EDA | ------   Set x to the group column --------------------
2026-05-30 10:08:17 | INFO | EDA | ------   Set y to flipper length ----------------------
2026-05-30 10:08:17 | INFO | EDA | --- Section 9: Summary and next steps ---
2026-05-30 10:08:17 | INFO | EDA | ========================
2026-05-30 10:08:17 | INFO | EDA | SUMMARY
2026-05-30 10:08:17 | INFO | EDA | ========================
2026-05-30 10:08:17 | INFO | EDA | Dataset: penguins
2026-05-30 10:08:17 | INFO | EDA | Original rows: 344
2026-05-30 10:08:17 | INFO | EDA | Clean rows:    342
2026-05-30 10:08:17 | INFO | EDA | Groups found in species: ['Adelie', 'Chinstrap', 'Gentoo']
2026-05-30 10:08:17 | INFO | EDA | Strongest correlation: 
2026-05-30 10:08:17 | INFO | EDA |   flipper_length_mm and body_mass_g (~0.87)
2026-05-30 10:08:17 | INFO | EDA | Suggested next step: 
2026-05-30 10:08:17 | INFO | EDA |   Model body_mass_g ~ flipper_length_mm with linear regression
2026-05-30 10:08:17 | INFO | EDA | ----- in a script, call plt.show() once at the end to display all charts -----
2026-05-30 10:08:17 | INFO | EDA | ----- in a script, close the chart windows (with the close button) to continue  -----
2026-05-30 10:08:20 | INFO | EDA | EDA workflow complete
2026-05-30 10:08:20 | INFO | EDA | IMPORTANT: This script creates chart windows.
2026-05-30 10:08:20 | INFO | EDA | Close any chart windows and terminate this process with CTRL+c as needed.
2026-05-30 10:08:20 | INFO | EDA | ========================
2026-05-30 10:08:20 | INFO | EDA | Executed successfully!
2026-05-30 10:08:20 | INFO | EDA | ========================
2026-05-30 10:08:25 | INFO | EDA | === RUN START ===
2026-05-30 10:08:25 | INFO | EDA | project=EDA
2026-05-30 10:08:25 | INFO | EDA | repo_dir=datafun-04-notebooks
2026-05-30 10:08:25 | INFO | EDA | python=3.14.5
2026-05-30 10:08:25 | INFO | EDA | os=Windows 11
2026-05-30 10:08:25 | INFO | EDA | shell=powershell
2026-05-30 10:08:25 | INFO | EDA | cwd=.
2026-05-30 10:08:25 | INFO | EDA | github_actions=False
2026-05-30 10:08:25 | INFO | EDA | ========================
2026-05-30 10:08:25 | INFO | EDA | START main()
2026-05-30 10:08:25 | INFO | EDA | ========================
2026-05-30 10:08:25 | INFO | EDA | --- Section 2: Load dataset: penguins ---
2026-05-30 10:08:25 | INFO | EDA | Loading dataset: penguins
2026-05-30 10:08:25 | INFO | EDA | Loaded: 344 rows, 7 columns
2026-05-30 10:08:25 | INFO | EDA | --- Section 3: Inspect shape and basic structure ---
2026-05-30 10:08:25 | INFO | EDA | Previewing first few rows of the dataset
2026-05-30 10:08:25 | DEBUG | EDA | 
  species     island  bill_length_mm  bill_depth_mm  flipper_length_mm  body_mass_g     sex
0  Adelie  Torgersen            39.1           18.7              181.0       3750.0    Male
1  Adelie  Torgersen            39.5           17.4              186.0       3800.0  Female
2  Adelie  Torgersen            40.3           18.0              195.0       3250.0  Female
3  Adelie  Torgersen             NaN            NaN                NaN          NaN     NaN
4  Adelie  Torgersen            36.7           19.3              193.0       3450.0  Female
2026-05-30 10:08:25 | INFO | EDA | Column names
2026-05-30 10:08:25 | DEBUG | EDA | ['species', 'island', 'bill_length_mm', 'bill_depth_mm', 'flipper_length_mm', 'body_mass_g', 'sex']
2026-05-30 10:08:25 | INFO | EDA | DataFrame info (types and non-null counts)
2026-05-30 10:08:25 | INFO | EDA | Dataset shape: 344 rows, 7 columns
2026-05-30 10:08:25 | INFO | EDA | --- Section 4: Create Data Dictionary and Check Data Quality ---
2026-05-30 10:08:25 | INFO | EDA | Building starter data dictionary
2026-05-30 10:08:25 | DEBUG | EDA | 
              column    dtype  missing_count  missing_pct
0            species      str              0         0.00
1             island      str              0         0.00
2     bill_length_mm  float64              2         0.58
3      bill_depth_mm  float64              2         0.58
4  flipper_length_mm  float64              2         0.58
5        body_mass_g  float64              2         0.58
6                sex      str             11         3.20
2026-05-30 10:08:25 | INFO | EDA | Missing values per column:
2026-05-30 10:08:25 | INFO | EDA | 
species               0
island                0
bill_length_mm        2
bill_depth_mm         2
flipper_length_mm     2
body_mass_g           2
sex                  11
dtype: int64
2026-05-30 10:08:25 | INFO | EDA | Checking missing values per column
2026-05-30 10:08:25 | DEBUG | EDA | 
sex                  11
bill_depth_mm         2
bill_length_mm        2
flipper_length_mm     2
body_mass_g           2
island                0
species               0
dtype: int64
2026-05-30 10:08:25 | INFO | EDA | Duplicate rows detected: 0
2026-05-30 10:08:25 | INFO | EDA | Call describe() for numeric columns
2026-05-30 10:08:25 | DEBUG | EDA | 
       bill_length_mm  bill_depth_mm  flipper_length_mm  body_mass_g
count      342.000000     342.000000         342.000000   342.000000
mean        43.921930      17.151170         200.915205  4201.754386
std          5.459584       1.974793          14.061714   801.954536
min         32.100000      13.100000         172.000000  2700.000000
25%         39.225000      15.600000         190.000000  3550.000000
50%         44.450000      17.300000         197.000000  4050.000000
75%         48.500000      18.700000         213.000000  4750.000000
max         59.600000      21.500000         231.000000  6300.000000

2026-05-30 10:08:25 | INFO | EDA | --- Section 5: Create a cleaned view for EDA ---
2026-05-30 10:08:25 | INFO | EDA | Creating cleaned view for EDA (dropping rows with key missing values)
2026-05-30 10:08:25 | DEBUG | EDA | Columns required to be non-missing: ['bill_length_mm', 'bill_depth_mm', 'flipper_length_mm', 'body_mass_g', 'species']
2026-05-30 10:08:25 | INFO | EDA | Original rows: 344
2026-05-30 10:08:25 | INFO | EDA | Clean rows:    342
2026-05-30 10:08:25 | INFO | EDA | Rows dropped:  2
2026-05-30 10:08:25 | INFO | EDA | --- Section 6: Descriptive statistics for numeric columns ---
2026-05-30 10:08:25 | INFO | EDA | --------------- Manual statistics ---------------
2026-05-30 10:08:25 | DEBUG | EDA | Body Mass Statistics (using numpy):
2026-05-30 10:08:25 | DEBUG | EDA |   Mean: 4201.75 g
2026-05-30 10:08:25 | DEBUG | EDA |   Std Dev: 800.78 g
2026-05-30 10:08:25 | DEBUG | EDA |   Min: 2700.00 g
2026-05-30 10:08:25 | DEBUG | EDA |   Max: 6300.00 g
2026-05-30 10:08:25 | DEBUG | EDA |   Range: 3600.00 g
2026-05-30 10:08:25 | INFO | EDA | --------------- Using pandas describe() method ---------------
2026-05-30 10:08:25 | INFO | EDA | Computing overall descriptive statistics
2026-05-30 10:08:25 | DEBUG | EDA | 
                   count         mean         std     min       25%      50%     75%     max
bill_length_mm     342.0    43.921930    5.459584    32.1    39.225    44.45    48.5    59.6
bill_depth_mm      342.0    17.151170    1.974793    13.1    15.600    17.30    18.7    21.5
flipper_length_mm  342.0   200.915205   14.061714   172.0   190.000   197.00   213.0   231.0
body_mass_g        342.0  4201.754386  801.954536  2700.0  3550.000  4050.00  4750.0  6300.0
2026-05-30 10:08:25 | INFO | EDA | --------------- Using pandas groupby() and agg() ---------------
2026-05-30 10:08:25 | INFO | EDA | Computing descriptive statistics by group
2026-05-30 10:08:25 | DEBUG | EDA | 
          bill_length_mm                                  bill_depth_mm                                   \
                   count       mean       std   min   max         count       mean       std   min   max   
species                                                                                                    
Adelie               151  38.791391  2.663405  32.1  46.0           151  18.346358  1.216650  15.5  21.5   
Chinstrap             68  48.833824  3.339256  40.9  58.0            68  18.420588  1.135395  16.4  20.8   
Gentoo               123  47.504878  3.081857  40.9  59.6           123  14.982114  0.981220  13.1  17.3   

          flipper_length_mm                                     body_mass_g                                           
                      count        mean       std    min    max       count         mean         std     min     max  
species                                                                                                               
Adelie                  151  189.953642  6.539457  172.0  210.0         151  3700.662252  458.566126  2850.0  4775.0  
Chinstrap                68  195.823529  7.131894  178.0  212.0          68  3733.088235  384.335081  2700.0  4800.0  
Gentoo                  123  217.186992  6.484976  203.0  231.0         123  5076.016260  504.116237  3950.0  6300.0  
2026-05-30 10:08:25 | INFO | EDA | 
Stacked view - easier to read in logs:
2026-05-30 10:08:25 | DEBUG | EDA | 
                             count         mean         std     min     max
species                                                                    
Adelie    bill_length_mm       151    38.791391    2.663405    32.1    46.0
          bill_depth_mm        151    18.346358    1.216650    15.5    21.5
          flipper_length_mm    151   189.953642    6.539457   172.0   210.0
          body_mass_g          151  3700.662252  458.566126  2850.0  4775.0
Chinstrap bill_length_mm        68    48.833824    3.339256    40.9    58.0
          bill_depth_mm         68    18.420588    1.135395    16.4    20.8
          flipper_length_mm     68   195.823529    7.131894   178.0   212.0
          body_mass_g           68  3733.088235  384.335081  2700.0  4800.0
Gentoo    bill_length_mm       123    47.504878    3.081857    40.9    59.6
          bill_depth_mm        123    14.982114    0.981220    13.1    17.3
          flipper_length_mm    123   217.186992    6.484976   203.0   231.0
          body_mass_g          123  5076.016260  504.116237  3950.0  6300.0
2026-05-30 10:08:25 | INFO | EDA | --- Section 7: Correlation matrix for numeric columns ---
2026-05-30 10:08:25 | INFO | EDA | Computing correlation matrix for numeric columns
2026-05-30 10:08:25 | INFO | EDA | 
Correlation matrix:
2026-05-30 10:08:25 | DEBUG | EDA | 
                   bill_length_mm  bill_depth_mm  flipper_length_mm  body_mass_g
bill_length_mm           1.000000      -0.235053           0.656181     0.595110
bill_depth_mm           -0.235053       1.000000          -0.583851    -0.471916
flipper_length_mm        0.656181      -0.583851           1.000000     0.871202
body_mass_g              0.595110      -0.471916           0.871202     1.000000
2026-05-30 10:08:25 | INFO | EDA | ---------Visualize Correlation Matrix as a Heatmap---------------
2026-05-30 10:08:25 | INFO | EDA | 
CUSTOM: Update these notes and use Markdown cells to narrate and tell the story as you explore. For example:

Interpretation:

 - Values close to 1 (dark red) = strong positive correlation (both increase together)
 - Values close to -1 (dark blue) = strong negative correlation (one increases, other decreases)
 - Values close to 0 (white) = little or no linear relationship
 - The diagonal is always 1 (each variable correlates perfectly with itself)

From this heatmap, we can see that flipper_length_mm and body_mass_g show strong positive correlation (~0.87).

2026-05-30 10:08:25 | INFO | EDA | --- Section 8: Charts ---
2026-05-30 10:08:25 | INFO | EDA | ---- Creating Scatter Plot to see Relationships ------
2026-05-30 10:08:25 | INFO | EDA | ----   Use clean dataframe ---------------------------
2026-05-30 10:08:25 | INFO | EDA | ----   Set x to flipper length -----------------------
2026-05-30 10:08:25 | INFO | EDA | ----   Set y to bill length --------------------------
2026-05-30 10:08:25 | INFO | EDA | ----   Set the hue (color mapping) to the group column --
2026-05-30 10:08:25 | INFO | EDA | ------ Creating Box Plot to see Distribution: ---------
2026-05-30 10:08:25 | INFO | EDA | ------   Use clean dataframe --------------------------
2026-05-30 10:08:25 | INFO | EDA | ------   Set x to the group column --------------------
2026-05-30 10:08:25 | INFO | EDA | ------   Set y to flipper length ----------------------
2026-05-30 10:08:25 | INFO | EDA | --- Section 9: Summary and next steps ---
2026-05-30 10:08:25 | INFO | EDA | ========================
2026-05-30 10:08:25 | INFO | EDA | SUMMARY
2026-05-30 10:08:25 | INFO | EDA | ========================
2026-05-30 10:08:25 | INFO | EDA | Dataset: penguins
2026-05-30 10:08:25 | INFO | EDA | Original rows: 344
2026-05-30 10:08:25 | INFO | EDA | Clean rows:    342
2026-05-30 10:08:25 | INFO | EDA | Groups found in species: ['Adelie', 'Chinstrap', 'Gentoo']
2026-05-30 10:08:25 | INFO | EDA | Strongest correlation: 
2026-05-30 10:08:25 | INFO | EDA |   flipper_length_mm and body_mass_g (~0.87)
2026-05-30 10:08:25 | INFO | EDA | Suggested next step: 
2026-05-30 10:08:25 | INFO | EDA |   Model body_mass_g ~ flipper_length_mm with linear regression
2026-05-30 10:08:25 | INFO | EDA | ----- in a script, call plt.show() once at the end to display all charts -----
2026-05-30 10:08:25 | INFO | EDA | ----- in a script, close the chart windows (with the close button) to continue  -----
2026-05-30 10:08:28 | INFO | EDA | EDA workflow complete
2026-05-30 10:08:28 | INFO | EDA | IMPORTANT: This script creates chart windows.
2026-05-30 10:08:28 | INFO | EDA | Close any chart windows and terminate this process with CTRL+c as needed.
2026-05-30 10:08:28 | INFO | EDA | ========================
2026-05-30 10:08:28 | INFO | EDA | Executed successfully!
2026-05-30 10:08:28 | INFO | EDA | ========================
2026-05-30 10:08:32 | INFO | EDA | === RUN START ===
2026-05-30 10:08:32 | INFO | EDA | project=EDA
2026-05-30 10:08:32 | INFO | EDA | repo_dir=datafun-04-notebooks
2026-05-30 10:08:32 | INFO | EDA | python=3.14.5
2026-05-30 10:08:32 | INFO | EDA | os=Windows 11
2026-05-30 10:08:32 | INFO | EDA | shell=powershell
2026-05-30 10:08:32 | INFO | EDA | cwd=.
2026-05-30 10:08:32 | INFO | EDA | github_actions=False
2026-05-30 10:08:32 | INFO | EDA | ========================
2026-05-30 10:08:32 | INFO | EDA | START main()
2026-05-30 10:08:32 | INFO | EDA | ========================
2026-05-30 10:08:32 | INFO | EDA | --- Section 2: Load dataset: penguins ---
2026-05-30 10:08:32 | INFO | EDA | Loading dataset: penguins
2026-05-30 10:08:32 | INFO | EDA | Loaded: 344 rows, 7 columns
2026-05-30 10:08:32 | INFO | EDA | --- Section 3: Inspect shape and basic structure ---
2026-05-30 10:08:32 | INFO | EDA | Previewing first few rows of the dataset
2026-05-30 10:08:32 | DEBUG | EDA | 
  species     island  bill_length_mm  bill_depth_mm  flipper_length_mm  body_mass_g     sex
0  Adelie  Torgersen            39.1           18.7              181.0       3750.0    Male
1  Adelie  Torgersen            39.5           17.4              186.0       3800.0  Female
2  Adelie  Torgersen            40.3           18.0              195.0       3250.0  Female
3  Adelie  Torgersen             NaN            NaN                NaN          NaN     NaN
4  Adelie  Torgersen            36.7           19.3              193.0       3450.0  Female
2026-05-30 10:08:32 | INFO | EDA | Column names
2026-05-30 10:08:32 | DEBUG | EDA | ['species', 'island', 'bill_length_mm', 'bill_depth_mm', 'flipper_length_mm', 'body_mass_g', 'sex']
2026-05-30 10:08:32 | INFO | EDA | DataFrame info (types and non-null counts)
2026-05-30 10:08:32 | INFO | EDA | Dataset shape: 344 rows, 7 columns
2026-05-30 10:08:32 | INFO | EDA | --- Section 4: Create Data Dictionary and Check Data Quality ---
2026-05-30 10:08:32 | INFO | EDA | Building starter data dictionary
2026-05-30 10:08:32 | DEBUG | EDA | 
              column    dtype  missing_count  missing_pct
0            species      str              0         0.00
1             island      str              0         0.00
2     bill_length_mm  float64              2         0.58
3      bill_depth_mm  float64              2         0.58
4  flipper_length_mm  float64              2         0.58
5        body_mass_g  float64              2         0.58
6                sex      str             11         3.20
2026-05-30 10:08:32 | INFO | EDA | Missing values per column:
2026-05-30 10:08:32 | INFO | EDA | 
species               0
island                0
bill_length_mm        2
bill_depth_mm         2
flipper_length_mm     2
body_mass_g           2
sex                  11
dtype: int64
2026-05-30 10:08:32 | INFO | EDA | Checking missing values per column
2026-05-30 10:08:32 | DEBUG | EDA | 
sex                  11
bill_depth_mm         2
bill_length_mm        2
flipper_length_mm     2
body_mass_g           2
island                0
species               0
dtype: int64
2026-05-30 10:08:32 | INFO | EDA | Duplicate rows detected: 0
2026-05-30 10:08:32 | INFO | EDA | Call describe() for numeric columns
2026-05-30 10:08:32 | DEBUG | EDA | 
       bill_length_mm  bill_depth_mm  flipper_length_mm  body_mass_g
count      342.000000     342.000000         342.000000   342.000000
mean        43.921930      17.151170         200.915205  4201.754386
std          5.459584       1.974793          14.061714   801.954536
min         32.100000      13.100000         172.000000  2700.000000
25%         39.225000      15.600000         190.000000  3550.000000
50%         44.450000      17.300000         197.000000  4050.000000
75%         48.500000      18.700000         213.000000  4750.000000
max         59.600000      21.500000         231.000000  6300.000000

2026-05-30 10:08:32 | INFO | EDA | --- Section 5: Create a cleaned view for EDA ---
2026-05-30 10:08:32 | INFO | EDA | Creating cleaned view for EDA (dropping rows with key missing values)
2026-05-30 10:08:32 | DEBUG | EDA | Columns required to be non-missing: ['bill_length_mm', 'bill_depth_mm', 'flipper_length_mm', 'body_mass_g', 'species']
2026-05-30 10:08:32 | INFO | EDA | Original rows: 344
2026-05-30 10:08:32 | INFO | EDA | Clean rows:    342
2026-05-30 10:08:32 | INFO | EDA | Rows dropped:  2
2026-05-30 10:08:32 | INFO | EDA | --- Section 6: Descriptive statistics for numeric columns ---
2026-05-30 10:08:32 | INFO | EDA | --------------- Manual statistics ---------------
2026-05-30 10:08:32 | DEBUG | EDA | Body Mass Statistics (using numpy):
2026-05-30 10:08:32 | DEBUG | EDA |   Mean: 4201.75 g
2026-05-30 10:08:32 | DEBUG | EDA |   Std Dev: 800.78 g
2026-05-30 10:08:32 | DEBUG | EDA |   Min: 2700.00 g
2026-05-30 10:08:32 | DEBUG | EDA |   Max: 6300.00 g
2026-05-30 10:08:32 | DEBUG | EDA |   Range: 3600.00 g
2026-05-30 10:08:32 | INFO | EDA | --------------- Using pandas describe() method ---------------
2026-05-30 10:08:32 | INFO | EDA | Computing overall descriptive statistics
2026-05-30 10:08:32 | DEBUG | EDA | 
                   count         mean         std     min       25%      50%     75%     max
bill_length_mm     342.0    43.921930    5.459584    32.1    39.225    44.45    48.5    59.6
bill_depth_mm      342.0    17.151170    1.974793    13.1    15.600    17.30    18.7    21.5
flipper_length_mm  342.0   200.915205   14.061714   172.0   190.000   197.00   213.0   231.0
body_mass_g        342.0  4201.754386  801.954536  2700.0  3550.000  4050.00  4750.0  6300.0
2026-05-30 10:08:32 | INFO | EDA | --------------- Using pandas groupby() and agg() ---------------
2026-05-30 10:08:32 | INFO | EDA | Computing descriptive statistics by group
2026-05-30 10:08:32 | DEBUG | EDA | 
          bill_length_mm                                  bill_depth_mm                                   \
                   count       mean       std   min   max         count       mean       std   min   max   
species                                                                                                    
Adelie               151  38.791391  2.663405  32.1  46.0           151  18.346358  1.216650  15.5  21.5   
Chinstrap             68  48.833824  3.339256  40.9  58.0            68  18.420588  1.135395  16.4  20.8   
Gentoo               123  47.504878  3.081857  40.9  59.6           123  14.982114  0.981220  13.1  17.3   

          flipper_length_mm                                     body_mass_g                                           
                      count        mean       std    min    max       count         mean         std     min     max  
species                                                                                                               
Adelie                  151  189.953642  6.539457  172.0  210.0         151  3700.662252  458.566126  2850.0  4775.0  
Chinstrap                68  195.823529  7.131894  178.0  212.0          68  3733.088235  384.335081  2700.0  4800.0  
Gentoo                  123  217.186992  6.484976  203.0  231.0         123  5076.016260  504.116237  3950.0  6300.0  
2026-05-30 10:08:32 | INFO | EDA | 
Stacked view - easier to read in logs:
2026-05-30 10:08:32 | DEBUG | EDA | 
                             count         mean         std     min     max
species                                                                    
Adelie    bill_length_mm       151    38.791391    2.663405    32.1    46.0
          bill_depth_mm        151    18.346358    1.216650    15.5    21.5
          flipper_length_mm    151   189.953642    6.539457   172.0   210.0
          body_mass_g          151  3700.662252  458.566126  2850.0  4775.0
Chinstrap bill_length_mm        68    48.833824    3.339256    40.9    58.0
          bill_depth_mm         68    18.420588    1.135395    16.4    20.8
          flipper_length_mm     68   195.823529    7.131894   178.0   212.0
          body_mass_g           68  3733.088235  384.335081  2700.0  4800.0
Gentoo    bill_length_mm       123    47.504878    3.081857    40.9    59.6
          bill_depth_mm        123    14.982114    0.981220    13.1    17.3
          flipper_length_mm    123   217.186992    6.484976   203.0   231.0
          body_mass_g          123  5076.016260  504.116237  3950.0  6300.0
2026-05-30 10:08:32 | INFO | EDA | --- Section 7: Correlation matrix for numeric columns ---
2026-05-30 10:08:32 | INFO | EDA | Computing correlation matrix for numeric columns
2026-05-30 10:08:32 | INFO | EDA | 
Correlation matrix:
2026-05-30 10:08:32 | DEBUG | EDA | 
                   bill_length_mm  bill_depth_mm  flipper_length_mm  body_mass_g
bill_length_mm           1.000000      -0.235053           0.656181     0.595110
bill_depth_mm           -0.235053       1.000000          -0.583851    -0.471916
flipper_length_mm        0.656181      -0.583851           1.000000     0.871202
body_mass_g              0.595110      -0.471916           0.871202     1.000000
2026-05-30 10:08:32 | INFO | EDA | ---------Visualize Correlation Matrix as a Heatmap---------------
2026-05-30 10:08:33 | INFO | EDA | 
CUSTOM: Update these notes and use Markdown cells to narrate and tell the story as you explore. For example:

Interpretation:

 - Values close to 1 (dark red) = strong positive correlation (both increase together)
 - Values close to -1 (dark blue) = strong negative correlation (one increases, other decreases)
 - Values close to 0 (white) = little or no linear relationship
 - The diagonal is always 1 (each variable correlates perfectly with itself)

From this heatmap, we can see that flipper_length_mm and body_mass_g show strong positive correlation (~0.87).

2026-05-30 10:08:33 | INFO | EDA | --- Section 8: Charts ---
2026-05-30 10:08:33 | INFO | EDA | ---- Creating Scatter Plot to see Relationships ------
2026-05-30 10:08:33 | INFO | EDA | ----   Use clean dataframe ---------------------------
2026-05-30 10:08:33 | INFO | EDA | ----   Set x to flipper length -----------------------
2026-05-30 10:08:33 | INFO | EDA | ----   Set y to bill length --------------------------
2026-05-30 10:08:33 | INFO | EDA | ----   Set the hue (color mapping) to the group column --
2026-05-30 10:08:33 | INFO | EDA | ------ Creating Box Plot to see Distribution: ---------
2026-05-30 10:08:33 | INFO | EDA | ------   Use clean dataframe --------------------------
2026-05-30 10:08:33 | INFO | EDA | ------   Set x to the group column --------------------
2026-05-30 10:08:33 | INFO | EDA | ------   Set y to flipper length ----------------------
2026-05-30 10:08:33 | INFO | EDA | --- Section 9: Summary and next steps ---
2026-05-30 10:08:33 | INFO | EDA | ========================
2026-05-30 10:08:33 | INFO | EDA | SUMMARY
2026-05-30 10:08:33 | INFO | EDA | ========================
2026-05-30 10:08:33 | INFO | EDA | Dataset: penguins
2026-05-30 10:08:33 | INFO | EDA | Original rows: 344
2026-05-30 10:08:33 | INFO | EDA | Clean rows:    342
2026-05-30 10:08:33 | INFO | EDA | Groups found in species: ['Adelie', 'Chinstrap', 'Gentoo']
2026-05-30 10:08:33 | INFO | EDA | Strongest correlation: 
2026-05-30 10:08:33 | INFO | EDA |   flipper_length_mm and body_mass_g (~0.87)
2026-05-30 10:08:33 | INFO | EDA | Suggested next step: 
2026-05-30 10:08:33 | INFO | EDA |   Model body_mass_g ~ flipper_length_mm with linear regression
2026-05-30 10:08:33 | INFO | EDA | ----- in a script, call plt.show() once at the end to display all charts -----
2026-05-30 10:08:33 | INFO | EDA | ----- in a script, close the chart windows (with the close button) to continue  -----
2026-05-30 10:08:37 | INFO | EDA | EDA workflow complete
2026-05-30 10:08:37 | INFO | EDA | IMPORTANT: This script creates chart windows.
2026-05-30 10:08:37 | INFO | EDA | Close any chart windows and terminate this process with CTRL+c as needed.
2026-05-30 10:08:37 | INFO | EDA | ========================
2026-05-30 10:08:37 | INFO | EDA | Executed successfully!
2026-05-30 10:08:37 | INFO | EDA | ========================
2026-05-30 10:08:40 | INFO | EDA | === RUN START ===
2026-05-30 10:08:40 | INFO | EDA | project=EDA
2026-05-30 10:08:40 | INFO | EDA | repo_dir=datafun-04-notebooks
2026-05-30 10:08:40 | INFO | EDA | python=3.14.5
2026-05-30 10:08:40 | INFO | EDA | os=Windows 11
2026-05-30 10:08:40 | INFO | EDA | shell=powershell
2026-05-30 10:08:40 | INFO | EDA | cwd=.
2026-05-30 10:08:40 | INFO | EDA | github_actions=False
2026-05-30 10:08:40 | INFO | EDA | ========================
2026-05-30 10:08:40 | INFO | EDA | START main()
2026-05-30 10:08:40 | INFO | EDA | ========================
2026-05-30 10:08:40 | INFO | EDA | --- Section 2: Load dataset: penguins ---
2026-05-30 10:08:40 | INFO | EDA | Loading dataset: penguins
2026-05-30 10:08:40 | INFO | EDA | Loaded: 344 rows, 7 columns
2026-05-30 10:08:40 | INFO | EDA | --- Section 3: Inspect shape and basic structure ---
2026-05-30 10:08:40 | INFO | EDA | Previewing first few rows of the dataset
2026-05-30 10:08:40 | DEBUG | EDA | 
  species     island  bill_length_mm  bill_depth_mm  flipper_length_mm  body_mass_g     sex
0  Adelie  Torgersen            39.1           18.7              181.0       3750.0    Male
1  Adelie  Torgersen            39.5           17.4              186.0       3800.0  Female
2  Adelie  Torgersen            40.3           18.0              195.0       3250.0  Female
3  Adelie  Torgersen             NaN            NaN                NaN          NaN     NaN
4  Adelie  Torgersen            36.7           19.3              193.0       3450.0  Female
2026-05-30 10:08:40 | INFO | EDA | Column names
2026-05-30 10:08:40 | DEBUG | EDA | ['species', 'island', 'bill_length_mm', 'bill_depth_mm', 'flipper_length_mm', 'body_mass_g', 'sex']
2026-05-30 10:08:40 | INFO | EDA | DataFrame info (types and non-null counts)
2026-05-30 10:08:40 | INFO | EDA | Dataset shape: 344 rows, 7 columns
2026-05-30 10:08:40 | INFO | EDA | --- Section 4: Create Data Dictionary and Check Data Quality ---
2026-05-30 10:08:40 | INFO | EDA | Building starter data dictionary
2026-05-30 10:08:40 | DEBUG | EDA | 
              column    dtype  missing_count  missing_pct
0            species      str              0         0.00
1             island      str              0         0.00
2     bill_length_mm  float64              2         0.58
3      bill_depth_mm  float64              2         0.58
4  flipper_length_mm  float64              2         0.58
5        body_mass_g  float64              2         0.58
6                sex      str             11         3.20
2026-05-30 10:08:40 | INFO | EDA | Missing values per column:
2026-05-30 10:08:40 | INFO | EDA | 
species               0
island                0
bill_length_mm        2
bill_depth_mm         2
flipper_length_mm     2
body_mass_g           2
sex                  11
dtype: int64
2026-05-30 10:08:40 | INFO | EDA | Checking missing values per column
2026-05-30 10:08:40 | DEBUG | EDA | 
sex                  11
bill_depth_mm         2
bill_length_mm        2
flipper_length_mm     2
body_mass_g           2
island                0
species               0
dtype: int64
2026-05-30 10:08:40 | INFO | EDA | Duplicate rows detected: 0
2026-05-30 10:08:40 | INFO | EDA | Call describe() for numeric columns
2026-05-30 10:08:40 | DEBUG | EDA | 
       bill_length_mm  bill_depth_mm  flipper_length_mm  body_mass_g
count      342.000000     342.000000         342.000000   342.000000
mean        43.921930      17.151170         200.915205  4201.754386
std          5.459584       1.974793          14.061714   801.954536
min         32.100000      13.100000         172.000000  2700.000000
25%         39.225000      15.600000         190.000000  3550.000000
50%         44.450000      17.300000         197.000000  4050.000000
75%         48.500000      18.700000         213.000000  4750.000000
max         59.600000      21.500000         231.000000  6300.000000

2026-05-30 10:08:40 | INFO | EDA | --- Section 5: Create a cleaned view for EDA ---
2026-05-30 10:08:40 | INFO | EDA | Creating cleaned view for EDA (dropping rows with key missing values)
2026-05-30 10:08:40 | DEBUG | EDA | Columns required to be non-missing: ['bill_length_mm', 'bill_depth_mm', 'flipper_length_mm', 'body_mass_g', 'species']
2026-05-30 10:08:40 | INFO | EDA | Original rows: 344
2026-05-30 10:08:40 | INFO | EDA | Clean rows:    342
2026-05-30 10:08:40 | INFO | EDA | Rows dropped:  2
2026-05-30 10:08:40 | INFO | EDA | --- Section 6: Descriptive statistics for numeric columns ---
2026-05-30 10:08:40 | INFO | EDA | --------------- Manual statistics ---------------
2026-05-30 10:08:40 | DEBUG | EDA | Body Mass Statistics (using numpy):
2026-05-30 10:08:40 | DEBUG | EDA |   Mean: 4201.75 g
2026-05-30 10:08:40 | DEBUG | EDA |   Std Dev: 800.78 g
2026-05-30 10:08:40 | DEBUG | EDA |   Min: 2700.00 g
2026-05-30 10:08:40 | DEBUG | EDA |   Max: 6300.00 g
2026-05-30 10:08:40 | DEBUG | EDA |   Range: 3600.00 g
2026-05-30 10:08:40 | INFO | EDA | --------------- Using pandas describe() method ---------------
2026-05-30 10:08:40 | INFO | EDA | Computing overall descriptive statistics
2026-05-30 10:08:41 | DEBUG | EDA | 
                   count         mean         std     min       25%      50%     75%     max
bill_length_mm     342.0    43.921930    5.459584    32.1    39.225    44.45    48.5    59.6
bill_depth_mm      342.0    17.151170    1.974793    13.1    15.600    17.30    18.7    21.5
flipper_length_mm  342.0   200.915205   14.061714   172.0   190.000   197.00   213.0   231.0
body_mass_g        342.0  4201.754386  801.954536  2700.0  3550.000  4050.00  4750.0  6300.0
2026-05-30 10:08:41 | INFO | EDA | --------------- Using pandas groupby() and agg() ---------------
2026-05-30 10:08:41 | INFO | EDA | Computing descriptive statistics by group
2026-05-30 10:08:41 | DEBUG | EDA | 
          bill_length_mm                                  bill_depth_mm                                   \
                   count       mean       std   min   max         count       mean       std   min   max   
species                                                                                                    
Adelie               151  38.791391  2.663405  32.1  46.0           151  18.346358  1.216650  15.5  21.5   
Chinstrap             68  48.833824  3.339256  40.9  58.0            68  18.420588  1.135395  16.4  20.8   
Gentoo               123  47.504878  3.081857  40.9  59.6           123  14.982114  0.981220  13.1  17.3   

          flipper_length_mm                                     body_mass_g                                           
                      count        mean       std    min    max       count         mean         std     min     max  
species                                                                                                               
Adelie                  151  189.953642  6.539457  172.0  210.0         151  3700.662252  458.566126  2850.0  4775.0  
Chinstrap                68  195.823529  7.131894  178.0  212.0          68  3733.088235  384.335081  2700.0  4800.0  
Gentoo                  123  217.186992  6.484976  203.0  231.0         123  5076.016260  504.116237  3950.0  6300.0  
2026-05-30 10:08:41 | INFO | EDA | 
Stacked view - easier to read in logs:
2026-05-30 10:08:41 | DEBUG | EDA | 
                             count         mean         std     min     max
species                                                                    
Adelie    bill_length_mm       151    38.791391    2.663405    32.1    46.0
          bill_depth_mm        151    18.346358    1.216650    15.5    21.5
          flipper_length_mm    151   189.953642    6.539457   172.0   210.0
          body_mass_g          151  3700.662252  458.566126  2850.0  4775.0
Chinstrap bill_length_mm        68    48.833824    3.339256    40.9    58.0
          bill_depth_mm         68    18.420588    1.135395    16.4    20.8
          flipper_length_mm     68   195.823529    7.131894   178.0   212.0
          body_mass_g           68  3733.088235  384.335081  2700.0  4800.0
Gentoo    bill_length_mm       123    47.504878    3.081857    40.9    59.6
          bill_depth_mm        123    14.982114    0.981220    13.1    17.3
          flipper_length_mm    123   217.186992    6.484976   203.0   231.0
          body_mass_g          123  5076.016260  504.116237  3950.0  6300.0
2026-05-30 10:08:41 | INFO | EDA | --- Section 7: Correlation matrix for numeric columns ---
2026-05-30 10:08:41 | INFO | EDA | Computing correlation matrix for numeric columns
2026-05-30 10:08:41 | INFO | EDA | 
Correlation matrix:
2026-05-30 10:08:41 | DEBUG | EDA | 
                   bill_length_mm  bill_depth_mm  flipper_length_mm  body_mass_g
bill_length_mm           1.000000      -0.235053           0.656181     0.595110
bill_depth_mm           -0.235053       1.000000          -0.583851    -0.471916
flipper_length_mm        0.656181      -0.583851           1.000000     0.871202
body_mass_g              0.595110      -0.471916           0.871202     1.000000
2026-05-30 10:08:41 | INFO | EDA | ---------Visualize Correlation Matrix as a Heatmap---------------
2026-05-30 10:08:41 | INFO | EDA | 
CUSTOM: Update these notes and use Markdown cells to narrate and tell the story as you explore. For example:

Interpretation:

 - Values close to 1 (dark red) = strong positive correlation (both increase together)
 - Values close to -1 (dark blue) = strong negative correlation (one increases, other decreases)
 - Values close to 0 (white) = little or no linear relationship
 - The diagonal is always 1 (each variable correlates perfectly with itself)

From this heatmap, we can see that flipper_length_mm and body_mass_g show strong positive correlation (~0.87).

2026-05-30 10:08:41 | INFO | EDA | --- Section 8: Charts ---
2026-05-30 10:08:41 | INFO | EDA | ---- Creating Scatter Plot to see Relationships ------
2026-05-30 10:08:41 | INFO | EDA | ----   Use clean dataframe ---------------------------
2026-05-30 10:08:41 | INFO | EDA | ----   Set x to flipper length -----------------------
2026-05-30 10:08:41 | INFO | EDA | ----   Set y to bill length --------------------------
2026-05-30 10:08:41 | INFO | EDA | ----   Set the hue (color mapping) to the group column --
2026-05-30 10:08:41 | INFO | EDA | ------ Creating Box Plot to see Distribution: ---------
2026-05-30 10:08:41 | INFO | EDA | ------   Use clean dataframe --------------------------
2026-05-30 10:08:41 | INFO | EDA | ------   Set x to the group column --------------------
2026-05-30 10:08:41 | INFO | EDA | ------   Set y to flipper length ----------------------
2026-05-30 10:08:41 | INFO | EDA | --- Section 9: Summary and next steps ---
2026-05-30 10:08:41 | INFO | EDA | ========================
2026-05-30 10:08:41 | INFO | EDA | SUMMARY
2026-05-30 10:08:41 | INFO | EDA | ========================
2026-05-30 10:08:41 | INFO | EDA | Dataset: penguins
2026-05-30 10:08:41 | INFO | EDA | Original rows: 344
2026-05-30 10:08:41 | INFO | EDA | Clean rows:    342
2026-05-30 10:08:41 | INFO | EDA | Groups found in species: ['Adelie', 'Chinstrap', 'Gentoo']
2026-05-30 10:08:41 | INFO | EDA | Strongest correlation: 
2026-05-30 10:08:41 | INFO | EDA |   flipper_length_mm and body_mass_g (~0.87)
2026-05-30 10:08:41 | INFO | EDA | Suggested next step: 
2026-05-30 10:08:41 | INFO | EDA |   Model body_mass_g ~ flipper_length_mm with linear regression
2026-05-30 10:08:41 | INFO | EDA | ----- in a script, call plt.show() once at the end to display all charts -----
2026-05-30 10:08:41 | INFO | EDA | ----- in a script, close the chart windows (with the close button) to continue  -----
2026-05-30 10:08:44 | INFO | EDA | EDA workflow complete
2026-05-30 10:08:44 | INFO | EDA | IMPORTANT: This script creates chart windows.
2026-05-30 10:08:44 | INFO | EDA | Close any chart windows and terminate this process with CTRL+c as needed.
2026-05-30 10:08:44 | INFO | EDA | ========================
2026-05-30 10:08:44 | INFO | EDA | Executed successfully!
2026-05-30 10:08:44 | INFO | EDA | ========================
2026-05-30 11:09:26 | INFO | EDA-NB | === RUN START ===
2026-05-30 11:09:27 | INFO | EDA-NB | project=EDA-NB
2026-05-30 11:09:27 | INFO | EDA-NB | repo_dir=datafun-04-notebooks
2026-05-30 11:09:27 | INFO | EDA-NB | python=3.14.5
2026-05-30 11:09:27 | INFO | EDA-NB | os=Windows 11
2026-05-30 11:09:27 | INFO | EDA-NB | shell=powershell
2026-05-30 11:09:27 | INFO | EDA-NB | cwd=notebooks
2026-05-30 11:09:27 | INFO | EDA-NB | github_actions=False
2026-05-30 11:09:27 | INFO | EDA-NB | Imports complete.
2026-05-30 11:09:27 | INFO | EDA-NB | Loading dataset: penguins
2026-05-30 11:09:27 | INFO | EDA-NB | Loaded: 344 rows, 7 columns
2026-05-30 11:09:27 | INFO | EDA-NB | Previewing first few rows of the dataset
2026-05-30 11:09:27 | INFO | EDA-NB | Column names
2026-05-30 11:09:27 | INFO | EDA-NB | DataFrame info (types and non-null counts)
2026-05-30 11:09:27 | INFO | EDA-NB | Dataset shape: 344 rows, 7 columns
2026-05-30 11:09:27 | INFO | EDA-NB | Building starter data dictionary
2026-05-30 11:09:27 | DEBUG | EDA-NB | 
              column    dtype  missing_count  missing_pct
0            species      str              0         0.00
1             island      str              0         0.00
2     bill_length_mm  float64              2         0.58
3      bill_depth_mm  float64              2         0.58
4  flipper_length_mm  float64              2         0.58
5        body_mass_g  float64              2         0.58
6                sex      str             11         3.20
2026-05-30 11:09:27 | INFO | EDA-NB | Missing values per column:
2026-05-30 11:09:27 | INFO | EDA-NB | species               0
island                0
bill_length_mm        2
bill_depth_mm         2
flipper_length_mm     2
body_mass_g           2
sex                  11
dtype: int64
2026-05-30 11:09:27 | INFO | EDA-NB | Checking missing values per column
2026-05-30 11:09:27 | DEBUG | EDA-NB | 
sex                  11
bill_depth_mm         2
bill_length_mm        2
flipper_length_mm     2
body_mass_g           2
island                0
species               0
dtype: int64
2026-05-30 11:09:27 | INFO | EDA-NB | Duplicate rows detected: 0
2026-05-30 11:09:27 | INFO | EDA-NB | Call describe() for numeric columns
2026-05-30 11:09:27 | DEBUG | EDA-NB | 
       bill_length_mm  bill_depth_mm  flipper_length_mm  body_mass_g
count      342.000000     342.000000         342.000000   342.000000
mean        43.921930      17.151170         200.915205  4201.754386
std          5.459584       1.974793          14.061714   801.954536
min         32.100000      13.100000         172.000000  2700.000000
25%         39.225000      15.600000         190.000000  3550.000000
50%         44.450000      17.300000         197.000000  4050.000000
75%         48.500000      18.700000         213.000000  4750.000000
max         59.600000      21.500000         231.000000  6300.000000

2026-05-30 11:09:27 | DEBUG | EDA-NB | Columns required to be non-missing: ['bill_length_mm', 'bill_depth_mm', 'flipper_length_mm', 'body_mass_g', 'species']
2026-05-30 11:09:27 | INFO | EDA-NB | Original rows: 344
2026-05-30 11:09:27 | INFO | EDA-NB | Clean rows:    342
2026-05-30 11:09:27 | INFO | EDA-NB | Rows dropped:  2
2026-05-30 11:09:27 | INFO | EDA-NB | --------------- Manual statistics ---------------
2026-05-30 11:09:27 | INFO | EDA-NB | Body Mass Statistics (using numpy):
2026-05-30 11:09:27 | INFO | EDA-NB |   Mean: 4201.75 g
2026-05-30 11:09:27 | INFO | EDA-NB |   Std Dev: 800.78 g
2026-05-30 11:09:27 | INFO | EDA-NB |   Min: 2700.00 g
2026-05-30 11:09:27 | INFO | EDA-NB |   Max: 6300.00 g
2026-05-30 11:09:27 | INFO | EDA-NB |   Range: 3600.00 g
2026-05-30 11:09:27 | INFO | EDA-NB | Computing overall descriptive statistics
2026-05-30 11:09:27 | DEBUG | EDA-NB | 
                   count         mean         std     min       25%      50%     75%     max
bill_length_mm     342.0    43.921930    5.459584    32.1    39.225    44.45    48.5    59.6
bill_depth_mm      342.0    17.151170    1.974793    13.1    15.600    17.30    18.7    21.5
flipper_length_mm  342.0   200.915205   14.061714   172.0   190.000   197.00   213.0   231.0
body_mass_g        342.0  4201.754386  801.954536  2700.0  3550.000  4050.00  4750.0  6300.0
2026-05-30 11:09:27 | INFO | EDA-NB | --------------- Using pandas groupby() and agg() ---------------
2026-05-30 11:09:27 | INFO | EDA-NB | Computing descriptive statistics by group
2026-05-30 11:09:27 | DEBUG | EDA-NB | 
          bill_length_mm                                  bill_depth_mm                                   \
                   count       mean       std   min   max         count       mean       std   min   max   
species                                                                                                    
Adelie               151  38.791391  2.663405  32.1  46.0           151  18.346358  1.216650  15.5  21.5   
Chinstrap             68  48.833824  3.339256  40.9  58.0            68  18.420588  1.135395  16.4  20.8   
Gentoo               123  47.504878  3.081857  40.9  59.6           123  14.982114  0.981220  13.1  17.3   

          flipper_length_mm                                     body_mass_g                                           
                      count        mean       std    min    max       count         mean         std     min     max  
species                                                                                                               
Adelie                  151  189.953642  6.539457  172.0  210.0         151  3700.662252  458.566126  2850.0  4775.0  
Chinstrap                68  195.823529  7.131894  178.0  212.0          68  3733.088235  384.335081  2700.0  4800.0  
Gentoo                  123  217.186992  6.484976  203.0  231.0         123  5076.016260  504.116237  3950.0  6300.0  
2026-05-30 11:09:27 | INFO | EDA-NB | --------------- Improving the output ---------------
2026-05-30 11:09:27 | DEBUG | EDA-NB | 
                             count         mean         std     min     max
species                                                                    
Adelie    bill_length_mm       151    38.791391    2.663405    32.1    46.0
          bill_depth_mm        151    18.346358    1.216650    15.5    21.5
          flipper_length_mm    151   189.953642    6.539457   172.0   210.0
          body_mass_g          151  3700.662252  458.566126  2850.0  4775.0
Chinstrap bill_length_mm        68    48.833824    3.339256    40.9    58.0
          bill_depth_mm         68    18.420588    1.135395    16.4    20.8
          flipper_length_mm     68   195.823529    7.131894   178.0   212.0
          body_mass_g           68  3733.088235  384.335081  2700.0  4800.0
Gentoo    bill_length_mm       123    47.504878    3.081857    40.9    59.6
          bill_depth_mm        123    14.982114    0.981220    13.1    17.3
          flipper_length_mm    123   217.186992    6.484976   203.0   231.0
          body_mass_g          123  5076.016260  504.116237  3950.0  6300.0
2026-05-30 11:09:27 | INFO | EDA-NB | Computing correlation matrix for numeric columns
2026-05-30 11:09:27 | INFO | EDA-NB | 
Correlation matrix:
2026-05-30 11:09:27 | DEBUG | EDA-NB | 
                   bill_length_mm  bill_depth_mm  flipper_length_mm  body_mass_g
bill_length_mm           1.000000      -0.235053           0.656181     0.595110
bill_depth_mm           -0.235053       1.000000          -0.583851    -0.471916
flipper_length_mm        0.656181      -0.583851           1.000000     0.871202
body_mass_g              0.595110      -0.471916           0.871202     1.000000
2026-05-30 11:09:27 | INFO | EDA-NB | ---------Visualize Correlation Matrix as a Heatmap---------------
2026-06-01 17:25:53,586 INFO === Sales Data EDA Script Started ===
2026-06-01 17:25:53,603 INFO Loading dataset from data/raw/sales_data.csv
2026-06-01 17:25:53,652 INFO Loaded dataset with shape: (2001, 7)
2026-06-01 17:25:53,652 INFO Cleaning dataset...
2026-06-01 17:25:53,719 INFO Data cleaning complete.
2026-06-01 17:25:53,726 INFO Updated dtypes:
TransactionID             int64
SaleDate         datetime64[us]
CustomerID                int64
ProductID                 int64
StoreID                   int64
CampaignID                Int64
SaleAmount              float64
dtype: object
2026-06-01 17:25:53,726 INFO Computing summary statistics...
2026-06-01 17:25:53,778 INFO Summary statistics:
       TransactionID             SaleDate   CustomerID    ProductID      StoreID  CampaignID   SaleAmount
count    2001.000000                 2000  2001.000000  2001.000000  2001.000000      2000.0  2000.000000
mean     1000.002999  2025-05-04 00:00:00  1103.897051  2050.440280   402.545227      1.5035  1014.269255
min         1.000000  2025-05-04 00:00:00  1000.000000  2000.000000   401.000000         0.0     0.000000
25%       500.000000  2025-05-04 00:00:00  1046.000000  2025.000000   402.000000         0.0   251.172500
50%      1000.000000  2025-05-04 00:00:00  1099.000000  2051.000000   403.000000         2.0   731.260000
75%      1500.000000  2025-05-04 00:00:00  1150.000000  2076.000000   404.000000         2.0  1512.990000
max      2000.000000  2025-05-04 00:00:00  9999.000000  2099.000000   404.000000         3.0  6619.200000
std       577.778087                  NaN   207.519764    28.586493     1.118963    1.120543  1012.721489
2026-06-01 17:25:53,779 INFO Computing grouped summaries...
2026-06-01 17:25:53,784 INFO Grouped summaries computed successfully.
2026-06-01 17:25:53,784 INFO Generating visualizations...
2026-06-01 17:25:58,012 INFO Using categorical units to plot a list of strings that are all parsable as floats or dates. If these strings should be plotted as numbers, cast to the appropriate data type before plotting.
2026-06-01 17:25:58,061 INFO Using categorical units to plot a list of strings that are all parsable as floats or dates. If these strings should be plotted as numbers, cast to the appropriate data type before plotting.
2026-06-01 17:25:59,877 INFO All visualizations generated and saved.
2026-06-01 17:25:59,878 INFO === Sales Data EDA Script Completed Successfully ===
